// Jest Snapshot v1, https://goo.gl/fbAQLP

exports[`TestButton renders correctly 1`] = `
<button>
  Click me
</button>
`;
